// Jest Snapshot v1, https://goo.gl/fbAQLP

exports[`chatHeader should take snapShot of chatHeader 1`] = `
<View
  style={
    Object {
      "alignItems": "center",
      "backgroundColor": "#0d253f",
      "flexDirection": "row",
      "paddingVertical": undefined,
    }
  }
>
  <View
    accessible={true}
    collapsable={false}
    focusable={true}
    onClick={[Function]}
    onResponderGrant={[Function]}
    onResponderMove={[Function]}
    onResponderRelease={[Function]}
    onResponderTerminate={[Function]}
    onResponderTerminationRequest={[Function]}
    onStartShouldSetResponder={[Function]}
    style={
      Object {
        "opacity": 1,
      }
    }
    testID="goBackButton"
  >
    <Image
      source={
        Object {
          "default": Object {
            "attach": Object {
              "testUri": "../../../app/assets/icons/attach.png",
            },
            "avatar": Object {
              "testUri": "../../../app/assets/icons/user.png",
            },
            "backIcon": Object {
              "testUri": "../../../app/assets/icons/backIcon.png",
            },
            "camera": Object {
              "testUri": "../../../app/assets/icons/camera.png",
            },
            "cameraIcon": Object {
              "testUri": "../../../app/assets/icons/cameraIcon.png",
            },
            "chatBackground": Object {
              "testUri": "../../../app/assets/icons/chatBackground.png",
            },
            "close": Object {
              "testUri": "../../../app/assets/icons/close.png",
            },
            "comingSoon": Object {
              "testUri": "../../../app/assets/icons/comingSoon.png",
            },
            "communityIcon": Object {
              "testUri": "../../../app/assets/icons/communityIcon.png",
            },
            "document": Object {
              "testUri": "../../../app/assets/icons/documentIcon.png",
            },
            "documentIcon": Object {
              "testUri": "../../../app/assets/icons/documentIcon.png",
            },
            "dotMenu": Object {
              "testUri": "../../../app/assets/icons/dots.png",
            },
            "expandIcon": Object {
              "testUri": "../../../app/assets/icons/expandIcon.png",
            },
            "fileIcon": Object {
              "testUri": "../../../app/assets/icons/fileIcon.png",
            },
            "fullStop": Object {
              "testUri": "../../../app/assets/icons/fullStop.png",
            },
            "galleryIcon": Object {
              "testUri": "../../../app/assets/icons/galleryIcon.png",
            },
            "homeIcon": Object {
              "testUri": "../../../app/assets/icons/homeIcon.png",
            },
            "imageDocument": Object {
              "testUri": "../../../app/assets/icons/imageIcon.png",
            },
            "location": Object {
              "testUri": "../../../app/assets/icons/share.png",
            },
            "locationIcon": Object {
              "testUri": "../../../app/assets/icons/locationIcon.png",
            },
            "logout": Object {
              "testUri": "../../../app/assets/icons/logout.png",
            },
            "menuIcon": Object {
              "testUri": "../../../app/assets/icons/menuIcon.png",
            },
            "movieDbIcon": Object {
              "testUri": "../../../app/assets/icons/movieDBIcon.png",
            },
            "movieDbIcon2x": Object {
              "testUri": "../../../app/assets/icons/movieDB2x.png",
            },
            "movieDbIcon3x": Object {
              "testUri": "../../../app/assets/icons/movieDB3x.png",
            },
            "moviesIcon": Object {
              "testUri": "../../../app/assets/icons/moviesIcon.png",
            },
            "noItemFound": Object {
              "testUri": "../../../app/assets/icons/noItemFound.png",
            },
            "notFound": Object {
              "testUri": "../../../app/assets/icons/notFoundIcon.png",
            },
            "pdfDocument": Object {
              "testUri": "../../../app/assets/icons/pdfDocument 2.png",
            },
            "playIcon": Object {
              "testUri": "../../../app/assets/icons/playIcon.png",
            },
            "plus": Object {
              "testUri": "../../../app/assets/icons/plusSign.png",
            },
            "pptDocument": Object {
              "testUri": "../../../app/assets/icons/pptDocument.png",
            },
            "searchIcon": Object {
              "testUri": "../../../app/assets/icons/searchIcon.png",
            },
            "send": Object {
              "testUri": "../../../app/assets/icons/send.png",
            },
            "threeDotIcon": Object {
              "testUri": "../../../app/assets/icons/threeDotIcon.png",
            },
            "trailerIcon": Object {
              "testUri": "../../../app/assets/icons/trailerIcon.png",
            },
            "trending": Object {
              "testUri": "../../../app/assets/icons/trending.png",
            },
            "tv": Object {
              "testUri": "../../../app/assets/icons/tv.png",
            },
            "videoDocument": Object {
              "testUri": "../../../app/assets/icons/mp4Document.png",
            },
          },
        }
      }
      style={
        Object {
          "alignSelf": "center",
          "height": undefined,
          "marginLeft": undefined,
          "paddingHorizontal": undefined,
          "tintColor": "#FFFFFF",
          "width": undefined,
        }
      }
    />
  </View>
  <View
    style={
      Object {
        "alignItems": "center",
        "flex": 1,
        "flexDirection": "row",
        "justifyContent": "space-between",
        "marginHorizontal": undefined,
        "paddingHorizontal": undefined,
      }
    }
  >
    <View
      style={
        Object {
          "alignItems": "center",
          "flex": 4,
          "flexDirection": "row",
        }
      }
    >
      <View
        style={
          Object {
            "alignItems": "center",
            "backgroundColor": "#0d253f",
            "borderColor": "#01b4e4",
            "borderRadius": 30,
            "borderWidth": undefined,
            "height": undefined,
            "justifyContent": "center",
            "width": undefined,
          }
        }
        testID="profile-image"
      >
        <Image
          source={
            Object {
              "default": Object {
                "attach": Object {
                  "testUri": "../../../app/assets/icons/attach.png",
                },
                "avatar": Object {
                  "testUri": "../../../app/assets/icons/user.png",
                },
                "backIcon": Object {
                  "testUri": "../../../app/assets/icons/backIcon.png",
                },
                "camera": Object {
                  "testUri": "../../../app/assets/icons/camera.png",
                },
                "cameraIcon": Object {
                  "testUri": "../../../app/assets/icons/cameraIcon.png",
                },
                "chatBackground": Object {
                  "testUri": "../../../app/assets/icons/chatBackground.png",
                },
                "close": Object {
                  "testUri": "../../../app/assets/icons/close.png",
                },
                "comingSoon": Object {
                  "testUri": "../../../app/assets/icons/comingSoon.png",
                },
                "communityIcon": Object {
                  "testUri": "../../../app/assets/icons/communityIcon.png",
                },
                "document": Object {
                  "testUri": "../../../app/assets/icons/documentIcon.png",
                },
                "documentIcon": Object {
                  "testUri": "../../../app/assets/icons/documentIcon.png",
                },
                "dotMenu": Object {
                  "testUri": "../../../app/assets/icons/dots.png",
                },
                "expandIcon": Object {
                  "testUri": "../../../app/assets/icons/expandIcon.png",
                },
                "fileIcon": Object {
                  "testUri": "../../../app/assets/icons/fileIcon.png",
                },
                "fullStop": Object {
                  "testUri": "../../../app/assets/icons/fullStop.png",
                },
                "galleryIcon": Object {
                  "testUri": "../../../app/assets/icons/galleryIcon.png",
                },
                "homeIcon": Object {
                  "testUri": "../../../app/assets/icons/homeIcon.png",
                },
                "imageDocument": Object {
                  "testUri": "../../../app/assets/icons/imageIcon.png",
                },
                "location": Object {
                  "testUri": "../../../app/assets/icons/share.png",
                },
                "locationIcon": Object {
                  "testUri": "../../../app/assets/icons/locationIcon.png",
                },
                "logout": Object {
                  "testUri": "../../../app/assets/icons/logout.png",
                },
                "menuIcon": Object {
                  "testUri": "../../../app/assets/icons/menuIcon.png",
                },
                "movieDbIcon": Object {
                  "testUri": "../../../app/assets/icons/movieDBIcon.png",
                },
                "movieDbIcon2x": Object {
                  "testUri": "../../../app/assets/icons/movieDB2x.png",
                },
                "movieDbIcon3x": Object {
                  "testUri": "../../../app/assets/icons/movieDB3x.png",
                },
                "moviesIcon": Object {
                  "testUri": "../../../app/assets/icons/moviesIcon.png",
                },
                "noItemFound": Object {
                  "testUri": "../../../app/assets/icons/noItemFound.png",
                },
                "notFound": Object {
                  "testUri": "../../../app/assets/icons/notFoundIcon.png",
                },
                "pdfDocument": Object {
                  "testUri": "../../../app/assets/icons/pdfDocument 2.png",
                },
                "playIcon": Object {
                  "testUri": "../../../app/assets/icons/playIcon.png",
                },
                "plus": Object {
                  "testUri": "../../../app/assets/icons/plusSign.png",
                },
                "pptDocument": Object {
                  "testUri": "../../../app/assets/icons/pptDocument.png",
                },
                "searchIcon": Object {
                  "testUri": "../../../app/assets/icons/searchIcon.png",
                },
                "send": Object {
                  "testUri": "../../../app/assets/icons/send.png",
                },
                "threeDotIcon": Object {
                  "testUri": "../../../app/assets/icons/threeDotIcon.png",
                },
                "trailerIcon": Object {
                  "testUri": "../../../app/assets/icons/trailerIcon.png",
                },
                "trending": Object {
                  "testUri": "../../../app/assets/icons/trending.png",
                },
                "tv": Object {
                  "testUri": "../../../app/assets/icons/tv.png",
                },
                "videoDocument": Object {
                  "testUri": "../../../app/assets/icons/mp4Document.png",
                },
              },
            }
          }
          style={
            Array [
              Object {
                "borderRadius": 0,
                "height": undefined,
                "tintColor": "#01b4e4",
                "width": undefined,
              },
              undefined,
            ]
          }
        />
      </View>
      <View
        accessible={true}
        collapsable={false}
        focusable={true}
        onBlur={[Function]}
        onClick={[Function]}
        onFocus={[Function]}
        onResponderGrant={[Function]}
        onResponderMove={[Function]}
        onResponderRelease={[Function]}
        onResponderTerminate={[Function]}
        onResponderTerminationRequest={[Function]}
        onStartShouldSetResponder={[Function]}
        style={
          Array [
            Object {
              "backgroundColor": "#0d253f",
            },
            Object {
              "justifyContent": "center",
              "paddingLeft": undefined,
              "width": undefined,
            },
          ]
        }
        testID="profileImagePressable"
      >
        <Text
          style={
            Object {
              "color": "#FFFFFF",
              "fontSize": undefined,
              "fontWeight": "bold",
              "paddingBottom": undefined,
            }
          }
        />
        <Text
          numberOfLines={1}
          style={
            Object {
              "color": "#FFFFFF",
              "fontSize": undefined,
            }
          }
        >
          chandani
        </Text>
      </View>
    </View>
  </View>
  <View
    accessible={true}
    collapsable={false}
    focusable={true}
    onBlur={[Function]}
    onClick={[Function]}
    onFocus={[Function]}
    onResponderGrant={[Function]}
    onResponderMove={[Function]}
    onResponderRelease={[Function]}
    onResponderTerminate={[Function]}
    onResponderTerminationRequest={[Function]}
    onStartShouldSetResponder={[Function]}
    testID="dotsMenu"
  >
    <Image
      source={
        Object {
          "default": Object {
            "attach": Object {
              "testUri": "../../../app/assets/icons/attach.png",
            },
            "avatar": Object {
              "testUri": "../../../app/assets/icons/user.png",
            },
            "backIcon": Object {
              "testUri": "../../../app/assets/icons/backIcon.png",
            },
            "camera": Object {
              "testUri": "../../../app/assets/icons/camera.png",
            },
            "cameraIcon": Object {
              "testUri": "../../../app/assets/icons/cameraIcon.png",
            },
            "chatBackground": Object {
              "testUri": "../../../app/assets/icons/chatBackground.png",
            },
            "close": Object {
              "testUri": "../../../app/assets/icons/close.png",
            },
            "comingSoon": Object {
              "testUri": "../../../app/assets/icons/comingSoon.png",
            },
            "communityIcon": Object {
              "testUri": "../../../app/assets/icons/communityIcon.png",
            },
            "document": Object {
              "testUri": "../../../app/assets/icons/documentIcon.png",
            },
            "documentIcon": Object {
              "testUri": "../../../app/assets/icons/documentIcon.png",
            },
            "dotMenu": Object {
              "testUri": "../../../app/assets/icons/dots.png",
            },
            "expandIcon": Object {
              "testUri": "../../../app/assets/icons/expandIcon.png",
            },
            "fileIcon": Object {
              "testUri": "../../../app/assets/icons/fileIcon.png",
            },
            "fullStop": Object {
              "testUri": "../../../app/assets/icons/fullStop.png",
            },
            "galleryIcon": Object {
              "testUri": "../../../app/assets/icons/galleryIcon.png",
            },
            "homeIcon": Object {
              "testUri": "../../../app/assets/icons/homeIcon.png",
            },
            "imageDocument": Object {
              "testUri": "../../../app/assets/icons/imageIcon.png",
            },
            "location": Object {
              "testUri": "../../../app/assets/icons/share.png",
            },
            "locationIcon": Object {
              "testUri": "../../../app/assets/icons/locationIcon.png",
            },
            "logout": Object {
              "testUri": "../../../app/assets/icons/logout.png",
            },
            "menuIcon": Object {
              "testUri": "../../../app/assets/icons/menuIcon.png",
            },
            "movieDbIcon": Object {
              "testUri": "../../../app/assets/icons/movieDBIcon.png",
            },
            "movieDbIcon2x": Object {
              "testUri": "../../../app/assets/icons/movieDB2x.png",
            },
            "movieDbIcon3x": Object {
              "testUri": "../../../app/assets/icons/movieDB3x.png",
            },
            "moviesIcon": Object {
              "testUri": "../../../app/assets/icons/moviesIcon.png",
            },
            "noItemFound": Object {
              "testUri": "../../../app/assets/icons/noItemFound.png",
            },
            "notFound": Object {
              "testUri": "../../../app/assets/icons/notFoundIcon.png",
            },
            "pdfDocument": Object {
              "testUri": "../../../app/assets/icons/pdfDocument 2.png",
            },
            "playIcon": Object {
              "testUri": "../../../app/assets/icons/playIcon.png",
            },
            "plus": Object {
              "testUri": "../../../app/assets/icons/plusSign.png",
            },
            "pptDocument": Object {
              "testUri": "../../../app/assets/icons/pptDocument.png",
            },
            "searchIcon": Object {
              "testUri": "../../../app/assets/icons/searchIcon.png",
            },
            "send": Object {
              "testUri": "../../../app/assets/icons/send.png",
            },
            "threeDotIcon": Object {
              "testUri": "../../../app/assets/icons/threeDotIcon.png",
            },
            "trailerIcon": Object {
              "testUri": "../../../app/assets/icons/trailerIcon.png",
            },
            "trending": Object {
              "testUri": "../../../app/assets/icons/trending.png",
            },
            "tv": Object {
              "testUri": "../../../app/assets/icons/tv.png",
            },
            "videoDocument": Object {
              "testUri": "../../../app/assets/icons/mp4Document.png",
            },
          },
        }
      }
      style={
        Object {
          "height": undefined,
          "marginRight": undefined,
          "tintColor": "#FFFFFF",
          "width": undefined,
        }
      }
    />
  </View>
</View>
`;
