// Jest Snapshot v1, https://goo.gl/fbAQLP

exports[`common Group List should take snapShot of CommonGroupList component 1`] = `
<RCTScrollView
  bounces={false}
  data={
    Array [
      Object {
        "groupName": "RNTeam",
      },
    ]
  }
  getItem={[Function]}
  getItemCount={[Function]}
  keyExtractor={[Function]}
  onContentSizeChange={[Function]}
  onLayout={[Function]}
  onMomentumScrollBegin={[Function]}
  onMomentumScrollEnd={[Function]}
  onScroll={[Function]}
  onScrollBeginDrag={[Function]}
  onScrollEndDrag={[Function]}
  removeClippedSubviews={false}
  renderItem={[Function]}
  scrollEventThrottle={50}
  showsVerticalScrollIndicator={false}
  stickyHeaderIndices={Array []}
  testID="Common-Group-List-"
  viewabilityConfigCallbackPairs={Array []}
>
  <View>
    <View
      onLayout={[Function]}
      style={null}
    >
      <View
        accessible={true}
        collapsable={false}
        focusable={true}
        onClick={[Function]}
        onResponderGrant={[Function]}
        onResponderMove={[Function]}
        onResponderRelease={[Function]}
        onResponderTerminate={[Function]}
        onResponderTerminationRequest={[Function]}
        onStartShouldSetResponder={[Function]}
        style={
          Object {
            "alignItems": "center",
            "borderBottomWidth": undefined,
            "borderColor": "#BBCFD5",
            "flexDirection": "row",
            "marginBottom": undefined,
            "opacity": 1,
            "overflow": "hidden",
          }
        }
        testID="button0"
      >
        <View
          style={
            Object {
              "flexDirection": "row",
              "padding": undefined,
            }
          }
          testID="Common-Group-List"
        >
          <View
            style={
              Object {
                "alignItems": "center",
                "backgroundColor": "#0d253f",
                "borderColor": "#01b4e4",
                "borderRadius": 30,
                "borderWidth": undefined,
                "height": undefined,
                "justifyContent": "center",
                "width": undefined,
              }
            }
            testID="profile-image"
          >
            <Image
              source={
                Object {
                  "default": Object {
                    "attach": Object {
                      "testUri": "../../../app/assets/icons/attach.png",
                    },
                    "avatar": Object {
                      "testUri": "../../../app/assets/icons/user.png",
                    },
                    "backIcon": Object {
                      "testUri": "../../../app/assets/icons/backIcon.png",
                    },
                    "camera": Object {
                      "testUri": "../../../app/assets/icons/camera.png",
                    },
                    "cameraIcon": Object {
                      "testUri": "../../../app/assets/icons/cameraIcon.png",
                    },
                    "chatBackground": Object {
                      "testUri": "../../../app/assets/icons/chatBackground.png",
                    },
                    "close": Object {
                      "testUri": "../../../app/assets/icons/close.png",
                    },
                    "comingSoon": Object {
                      "testUri": "../../../app/assets/icons/comingSoon.png",
                    },
                    "communityIcon": Object {
                      "testUri": "../../../app/assets/icons/communityIcon.png",
                    },
                    "document": Object {
                      "testUri": "../../../app/assets/icons/documentIcon.png",
                    },
                    "documentIcon": Object {
                      "testUri": "../../../app/assets/icons/documentIcon.png",
                    },
                    "dotMenu": Object {
                      "testUri": "../../../app/assets/icons/dots.png",
                    },
                    "expandIcon": Object {
                      "testUri": "../../../app/assets/icons/expandIcon.png",
                    },
                    "fileIcon": Object {
                      "testUri": "../../../app/assets/icons/fileIcon.png",
                    },
                    "fullStop": Object {
                      "testUri": "../../../app/assets/icons/fullStop.png",
                    },
                    "galleryIcon": Object {
                      "testUri": "../../../app/assets/icons/galleryIcon.png",
                    },
                    "homeIcon": Object {
                      "testUri": "../../../app/assets/icons/homeIcon.png",
                    },
                    "imageDocument": Object {
                      "testUri": "../../../app/assets/icons/imageIcon.png",
                    },
                    "location": Object {
                      "testUri": "../../../app/assets/icons/share.png",
                    },
                    "locationIcon": Object {
                      "testUri": "../../../app/assets/icons/locationIcon.png",
                    },
                    "logout": Object {
                      "testUri": "../../../app/assets/icons/logout.png",
                    },
                    "menuIcon": Object {
                      "testUri": "../../../app/assets/icons/menuIcon.png",
                    },
                    "movieDbIcon": Object {
                      "testUri": "../../../app/assets/icons/movieDBIcon.png",
                    },
                    "movieDbIcon2x": Object {
                      "testUri": "../../../app/assets/icons/movieDB2x.png",
                    },
                    "movieDbIcon3x": Object {
                      "testUri": "../../../app/assets/icons/movieDB3x.png",
                    },
                    "moviesIcon": Object {
                      "testUri": "../../../app/assets/icons/moviesIcon.png",
                    },
                    "noItemFound": Object {
                      "testUri": "../../../app/assets/icons/noItemFound.png",
                    },
                    "notFound": Object {
                      "testUri": "../../../app/assets/icons/notFoundIcon.png",
                    },
                    "pdfDocument": Object {
                      "testUri": "../../../app/assets/icons/pdfDocument 2.png",
                    },
                    "playIcon": Object {
                      "testUri": "../../../app/assets/icons/playIcon.png",
                    },
                    "plus": Object {
                      "testUri": "../../../app/assets/icons/plusSign.png",
                    },
                    "pptDocument": Object {
                      "testUri": "../../../app/assets/icons/pptDocument.png",
                    },
                    "searchIcon": Object {
                      "testUri": "../../../app/assets/icons/searchIcon.png",
                    },
                    "send": Object {
                      "testUri": "../../../app/assets/icons/send.png",
                    },
                    "threeDotIcon": Object {
                      "testUri": "../../../app/assets/icons/threeDotIcon.png",
                    },
                    "trailerIcon": Object {
                      "testUri": "../../../app/assets/icons/trailerIcon.png",
                    },
                    "trending": Object {
                      "testUri": "../../../app/assets/icons/trending.png",
                    },
                    "tv": Object {
                      "testUri": "../../../app/assets/icons/tv.png",
                    },
                    "videoDocument": Object {
                      "testUri": "../../../app/assets/icons/mp4Document.png",
                    },
                  },
                }
              }
              style={
                Array [
                  Object {
                    "borderRadius": 30,
                    "height": undefined,
                    "tintColor": "#01b4e4",
                    "width": undefined,
                  },
                  undefined,
                ]
              }
            />
          </View>
          <View
            style={
              Object {
                "marginLeft": undefined,
                "marginTop": undefined,
                "width": undefined,
              }
            }
          >
            <Text
              style={
                Object {
                  "color": "#000000",
                  "fontSize": undefined,
                  "fontWeight": "600",
                  "marginLeft": undefined,
                  "paddingBottom": undefined,
                  "textAlign": "justify",
                }
              }
            >
              RNTeam
            </Text>
            <Text
              ellipsizeMode="tail"
              numberOfLines={1}
              style={
                Object {
                  "color": "#000000",
                  "fontSize": undefined,
                  "marginLeft": undefined,
                  "paddingBottom": undefined,
                  "textAlign": "justify",
                }
              }
            >
              ,
            </Text>
          </View>
        </View>
      </View>
    </View>
  </View>
</RCTScrollView>
`;
